[marketifythemes.com/html/waxon/index-dark.html]
[backblue.gif]
[fade.gif]
[index.html]
[marketifythemes.com/html/waxon/css/plugins.css]
[marketifythemes.com/html/waxon/css/mycolors.css]
[marketifythemes.com/html/waxon/css/darkMode.css]
[marketifythemes.com/html/waxon/css/rtl.css]
[marketifythemes.com/html/waxon/css/mycss.css]
[marketifythemes.com/html/waxon/img/svg/setting.svg]
[marketifythemes.com/html/waxon/img/svg/arrow.svg]
[marketifythemes.com/html/waxon/img/logo/logo.png]
[marketifythemes.com/html/waxon/img/logo/dark.png]
[marketifythemes.com/html/waxon/img/slider/3.jpg]
[marketifythemes.com/html/waxon/img/about/1.jpg]
[marketifythemes.com/html/waxon/img/resume/resume.jpg]
[marketifythemes.com/html/waxon/img/svg/code.svg]
[marketifythemes.com/html/waxon/img/svg/creativity.svg]
[marketifythemes.com/html/waxon/img/svg/telegram.svg]
[marketifythemes.com/html/waxon/img/svg/photoshop.svg]
[marketifythemes.com/html/waxon/img/portfolio/1-1.jpg]
[marketifythemes.com/html/waxon/portfolio-single-dark.html]
[marketifythemes.com/html/waxon/img/portfolio/7.jpg]
[marketifythemes.com/html/waxon/img/youtube.png]
[marketifythemes.com/html/waxon/img/portfolio/4.jpg]
[marketifythemes.com/html/waxon/img/portfolio/5.jpg]
[marketifythemes.com/html/waxon/img/portfolio/8.jpg]
[marketifythemes.com/html/waxon/portfolio-dark.html]
[marketifythemes.com/html/waxon/img/partners/light/1.png]
[marketifythemes.com/html/waxon/img/partners/light/2.png]
[marketifythemes.com/html/waxon/img/partners/light/3.png]
[marketifythemes.com/html/waxon/img/partners/light/4.png]
[marketifythemes.com/html/waxon/img/partners/light/5.png]
[marketifythemes.com/html/waxon/img/svg/quote-1.svg]
[marketifythemes.com/html/waxon/img/about/2.jpg]
[marketifythemes.com/html/waxon/img/about/3.jpg]
[marketifythemes.com/html/waxon/img/portfolio/3-4.jpg]
[marketifythemes.com/html/waxon/img/portfolio/4-3.jpg]
[marketifythemes.com/html/waxon/img/news/1.jpg]
[marketifythemes.com/html/waxon/img/news/2.jpg]
[marketifythemes.com/html/waxon/news-single-dark.html]
[marketifythemes.com/html/waxon/img/news/3.jpg]
[marketifythemes.com/html/waxon/img/svg/social/facebook.svg]
[marketifythemes.com/html/waxon/img/svg/social/twitter.svg]
[marketifythemes.com/html/waxon/img/svg/social/instagram.svg]
[marketifythemes.com/html/waxon/img/svg/social/soundcloud.svg]
[marketifythemes.com/html/waxon/img/svg/social/youtube.svg]
[marketifythemes.com/html/waxon/img/svg/social/vk.svg]
[marketifythemes.com/cdn-cgi/scripts/5c5dd728/cloudflare-static/email-decode.min.js]
[marketifythemes.com/html/waxon/js/jquery.js]
[marketifythemes.com/html/waxon/js/plugins.js]
[marketifythemes.com/html/waxon/index-dark.html]
[marketifythemes.com/html/waxon/js/customcode.js]
[marketifythemes.com/html/waxon/css/font/xcon8158.eot]
[marketifythemes.com/html/waxon/css/font/xcon8158.woff2]
[marketifythemes.com/html/waxon/css/font/xcon8158.woff]
[marketifythemes.com/html/waxon/css/font/xcon8158.ttf]
[marketifythemes.com/html/waxon/css/font/xcon8158.svg]
[marketifythemes.com/html/waxon/css/overlays/02.png]
[marketifythemes.com/html/waxon/css/owl.video.play.png]
[marketifythemes.com/html/waxon/css/plugins.css]
[marketifythemes.com/html/waxon/css/mycolors.css]
[marketifythemes.com/html/waxon/css/darkMode.css]
[marketifythemes.com/html/waxon/css/rtl.css]
[marketifythemes.com/html/waxon/img/slider/7.jpg]
[marketifythemes.com/html/waxon/css/mycss.css]
[marketifythemes.com/html/waxon/img/svg/setting.svg]
[marketifythemes.com/html/waxon/img/svg/arrow.svg]
[marketifythemes.com/html/waxon/img/svg/code.svg]
[marketifythemes.com/html/waxon/img/svg/creativity.svg]
[marketifythemes.com/html/waxon/img/svg/telegram.svg]
[marketifythemes.com/html/waxon/img/svg/photoshop.svg]
[marketifythemes.com/html/waxon/img/slider/1.jpg]
[marketifythemes.com/html/waxon/img/slider/1920x1080.jpg]
[marketifythemes.com/html/waxon/img/slider/5.jpg]
[marketifythemes.com/html/waxon/img/slider/6.jpg]
[marketifythemes.com/html/waxon/portfolio-single-dark.html]
[marketifythemes.com/html/waxon/portfolio-dark.html]
[marketifythemes.com/html/waxon/img/svg/quote-1.svg]
[marketifythemes.com/html/waxon/img/slider/4.jpg]
[marketifythemes.com/html/waxon/img/svg/calendar.svg]
[marketifythemes.com/html/waxon/img/svg/avatar.svg]
[marketifythemes.com/html/waxon/img/svg/comment.svg]
[marketifythemes.com/html/waxon/img/news/1000x700.jpg]
[marketifythemes.com/html/waxon/news-single-dark.html]
[marketifythemes.com/html/waxon/img/svg/social/facebook.svg]
[marketifythemes.com/html/waxon/img/svg/social/twitter.svg]
[marketifythemes.com/html/waxon/img/svg/social/instagram.svg]
[marketifythemes.com/html/waxon/img/svg/social/soundcloud.svg]
[marketifythemes.com/html/waxon/img/svg/social/youtube.svg]
[marketifythemes.com/html/waxon/img/svg/social/vk.svg]
[marketifythemes.com/html/waxon/css/font/xcon8158.svg]
[marketifythemes.com/html/waxon/css/overlays/02.html]
[marketifythemes.com/html/waxon/css/owl.video.play.html]
[marketifythemes.com/html/waxon/img/svg/calendar.svg]
[marketifythemes.com/html/waxon/img/svg/avatar.svg]
[marketifythemes.com/html/waxon/img/svg/comment.svg]
